Log stuff

Uh oh, test log was written to again!
